
> typecheck
> tsc --noEmit

../api-evolution/src/api/dto/chat.dto.ts(121,3): error TS2612: Property 'number' will overwrite the base property in 'Metadata'. If this is intentional, add an initializer. Otherwise, add a 'declare' modifier or remove the redundant declaration.
src/authStore.ts(19,7): error TS2561: Object literal may only specify known properties, but 'passwordHash' does not exist in type '(Without<userCreateInput, userUncheckedCreateInput> & userUncheckedCreateInput) | (Without<...> & userCreateInput)'. Did you mean to write 'password_hash'?
src/authStore.ts(27,23): error TS2551: Property 'lockedUntil' does not exist on type '{ id: string; name: string; slug: string; email: string; password_hash: string; role: string; failed_attempts: number; locked_until: Date; created_at: Date; updated_at: Date; }'. Did you mean 'locked_until'?
src/authStore.ts(34,39): error TS2551: Property 'lockedUntil' does not exist on type '{ id: string; name: string; slug: string; email: string; password_hash: string; role: string; failed_attempts: number; locked_until: Date; created_at: Date; updated_at: Date; }'. Did you mean 'locked_until'?
src/authStore.ts(40,40): error TS2551: Property 'lockedUntil' does not exist on type '{ id: string; name: string; slug: string; email: string; password_hash: string; role: string; failed_attempts: number; locked_until: Date; created_at: Date; updated_at: Date; }'. Did you mean 'locked_until'?
src/authStore.ts(45,18): error TS2551: Property 'refreshToken' does not exist on type 'PrismaClient<PrismaClientOptions, never, DefaultArgs>'. Did you mean 'refresh_token'?
src/authStore.ts(55,18): error TS2551: Property 'refreshToken' does not exist on type 'PrismaClient<PrismaClientOptions, never, DefaultArgs>'. Did you mean 'refresh_token'?
src/authStore.ts(64,27): error TS2551: Property 'refreshToken' does not exist on type 'PrismaClient<PrismaClientOptions, never, DefaultArgs>'. Did you mean 'refresh_token'?
src/controllers/agentController.ts(17,48): error TS2345: Argument of type 'string | string[]' is not assignable to parameter of type 'string'.
  Type 'string[]' is not assignable to type 'string'.
src/controllers/agentController.ts(36,47): error TS2345: Argument of type 'string | string[]' is not assignable to parameter of type 'string'.
  Type 'string[]' is not assignable to type 'string'.
src/controllers/agentController.ts(45,33): error TS2345: Argument of type 'string | string[]' is not assignable to parameter of type 'string'.
  Type 'string[]' is not assignable to type 'string'.
src/controllers/blockedController.ts(6,39): error TS2339: Property 'blockedContact' does not exist on type 'PrismaClient<PrismaClientOptions, never, DefaultArgs>'.
src/controllers/blockedController.ts(21,37): error TS2339: Property 'blockedContact' does not exist on type 'PrismaClient<PrismaClientOptions, never, DefaultArgs>'.
src/controllers/blockedController.ts(31,38): error TS2339: Property 'blockedContact' does not exist on type 'PrismaClient<PrismaClientOptions, never, DefaultArgs>'.
src/controllers/blockedController.ts(46,37): error TS2339: Property 'blockedContact' does not exist on type 'PrismaClient<PrismaClientOptions, never, DefaultArgs>'.
src/controllers/flowController.ts(11,61): error TS2322: Type 'string | string[]' is not assignable to type 'string | StringFilter<"agent">'.
  Type 'string[]' is not assignable to type 'string | StringFilter<"agent">'.
src/controllers/flowController.ts(14,44): error TS2345: Argument of type 'string | string[]' is not assignable to parameter of type 'string'.
  Type 'string[]' is not assignable to type 'string'.
src/controllers/flowController.ts(24,61): error TS2322: Type 'string | string[]' is not assignable to type 'string | StringFilter<"agent">'.
  Type 'string[]' is not assignable to type 'string | StringFilter<"agent">'.
src/controllers/flowController.ts(27,45): error TS2345: Argument of type 'string | string[]' is not assignable to parameter of type 'string'.
  Type 'string[]' is not assignable to type 'string'.
src/controllers/flowController.ts(38,18): error TS2322: Type 'string | string[]' is not assignable to type 'string | StringFilter<"flow">'.
  Type 'string[]' is not assignable to type 'string | StringFilter<"flow">'.
src/controllers/flowController.ts(41,37): error TS2339: Property 'agent' does not exist on type '{ id: string; name: string; agent_id: string; is_active: boolean; created_at: Date; updated_at: Date; }'.
src/controllers/flowController.ts(45,45): error TS2345: Argument of type 'string | string[]' is not assignable to parameter of type 'string'.
  Type 'string[]' is not assignable to type 'string'.
src/controllers/flowController.ts(56,18): error TS2322: Type 'string | string[]' is not assignable to type 'string | StringFilter<"flow">'.
  Type 'string[]' is not assignable to type 'string | StringFilter<"flow">'.
src/controllers/flowController.ts(59,37): error TS2339: Property 'agent' does not exist on type '{ id: string; name: string; agent_id: string; is_active: boolean; created_at: Date; updated_at: Date; }'.
src/controllers/flowController.ts(63,32): error TS2345: Argument of type 'string | string[]' is not assignable to parameter of type 'string'.
  Type 'string[]' is not assignable to type 'string'.
src/middleware/auth.ts(2,35): error TS2835: Relative import paths need explicit file extensions in ECMAScript imports when '--moduleResolution' is 'node16' or 'nodenext'. Did you mean '../auth.js'?
src/services/AppService.ts(9,25): error TS2339: Property 'automation' does not exist on type 'PrismaClient<PrismaClientOptions, never, DefaultArgs>'.
src/services/AppService.ts(13,25): error TS2551: Property 'knowledgeBase' does not exist on type 'PrismaClient<PrismaClientOptions, never, DefaultArgs>'. Did you mean 'knowledge_base'?
src/services/AppService.ts(17,25): error TS2339: Property 'contact' does not exist on type 'PrismaClient<PrismaClientOptions, never, DefaultArgs>'.
src/services/AuthService.ts(7,45): error TS2345: Argument of type '{ lockedUntil: any; id: string; name: string; slug: string; email: string; password_hash: string; role: string; failed_attempts: number; locked_until: Date | null; created_at: Date; updated_at: Date; }' is not assignable to parameter of type 'User'.
  Type '{ lockedUntil: any; id: string; name: string; slug: string; email: string; password_hash: string; role: string; failed_attempts: number; locked_until: Date; created_at: Date; updated_at: Date; }' is missing the following properties from type 'User': passwordHash, failedAttempts
src/services/AuthService.ts(8,47): error TS2345: Argument of type '{ lockedUntil: any; id: string; name: string; slug: string; email: string; password_hash: string; role: string; failed_attempts: number; locked_until: Date | null; created_at: Date; updated_at: Date; }' is not assignable to parameter of type 'User'.
  Type '{ lockedUntil: any; id: string; name: string; slug: string; email: string; password_hash: string; role: string; failed_attempts: number; locked_until: Date; created_at: Date; updated_at: Date; }' is missing the following properties from type 'User': passwordHash, failedAttempts
src/services/AuthService.ts(27,45): error TS2345: Argument of type '{ lockedUntil: any; id: string; name: string; slug: string; email: string; password_hash: string; role: string; failed_attempts: number; locked_until: Date | null; created_at: Date; updated_at: Date; }' is not assignable to parameter of type 'User'.
  Type '{ lockedUntil: any; id: string; name: string; slug: string; email: string; password_hash: string; role: string; failed_attempts: number; locked_until: Date; created_at: Date; updated_at: Date; }' is missing the following properties from type 'User': passwordHash, failedAttempts
src/services/AuthService.ts(28,47): error TS2345: Argument of type '{ lockedUntil: any; id: string; name: string; slug: string; email: string; password_hash: string; role: string; failed_attempts: number; locked_until: Date | null; created_at: Date; updated_at: Date; }' is not assignable to parameter of type 'User'.
  Type '{ lockedUntil: any; id: string; name: string; slug: string; email: string; password_hash: string; role: string; failed_attempts: number; locked_until: Date; created_at: Date; updated_at: Date; }' is missing the following properties from type 'User': passwordHash, failedAttempts
src/services/AuthService.ts(46,45): error TS2345: Argument of type '{ lockedUntil: any; id: string; name: string; slug: string; email: string; password_hash: string; role: string; failed_attempts: number; locked_until: Date | null; created_at: Date; updated_at: Date; }' is not assignable to parameter of type 'User'.
  Type '{ lockedUntil: any; id: string; name: string; slug: string; email: string; password_hash: string; role: string; failed_attempts: number; locked_until: Date; created_at: Date; updated_at: Date; }' is missing the following properties from type 'User': passwordHash, failedAttempts
src/services/AuthService.ts(48,45): error TS2345: Argument of type '{ lockedUntil: any; id: string; name: string; slug: string; email: string; password_hash: string; role: string; failed_attempts: number; locked_until: Date | null; created_at: Date; updated_at: Date; }' is not assignable to parameter of type 'User'.
  Type '{ lockedUntil: any; id: string; name: string; slug: string; email: string; password_hash: string; role: string; failed_attempts: number; locked_until: Date; created_at: Date; updated_at: Date; }' is missing the following properties from type 'User': passwordHash, failedAttempts
src/services/EvolutionService.ts(133,44): error TS2339: Property 'automation' does not exist on type 'PrismaClient<PrismaClientOptions, never, DefaultArgs>'.
src/services/FlowService.ts(261,13): error TS2339: Property 'default' does not exist on type 'typeof import("/home/gneris/Desktop/chatbot-ai-assistant/backend/node_modules/@openrouter/sdk/esm/index", { with: { "resolution-mode": "import" } })'.
src/services/InstructionService.ts(6,7): error TS2322: Type '{ user_id: string; }' is not assignable to type 'user_instructionWhereUniqueInput'.
  Type '{ user_id: string; }' is not assignable to type '{ id: string; } & { id?: string; AND?: user_instructionWhereInput | user_instructionWhereInput[]; OR?: user_instructionWhereInput[]; ... 6 more ...; user?: (Without<...> & userWhereInput) | (Without<...> & UserNullableRelationFilter); }'.
    Property 'id' is missing in type '{ user_id: string; }' but required in type '{ id: string; }'.
src/services/InstructionService.ts(16,7): error TS2322: Type '{ user_id: string; }' is not assignable to type 'user_instructionWhereUniqueInput'.
  Type '{ user_id: string; }' is not assignable to type '{ id: string; } & { id?: string; AND?: user_instructionWhereInput | user_instructionWhereInput[]; OR?: user_instructionWhereInput[]; ... 6 more ...; user?: (Without<...> & userWhereInput) | (Without<...> & UserNullableRelationFilter); }'.
    Property 'id' is missing in type '{ user_id: string; }' but required in type '{ id: string; }'.
